---
source: src/tests/dns.rs
expression: decision
---
"Deny"
