---
source: src/models.rs
expression: serialized
---
{
  "id": "test_id",
  "kind": "test_resource"
}
