---
source: src/models.rs
expression: serialized
---
{
  "namespace": [
    "namespace1"
  ],
  "qid": "test_action"
}
