---
source: src/models.rs
expression: serialized
---
{
  "groups": [],
  "namespace": [],
  "qid": "test_user"
}
