---
source: src/engine.rs
expression: decision
---
"Deny"
