---
source: src/models.rs
expression: serialized
---
{
  "groups": [
    {
      "id": "group1",
      "namespace": [
        "namespace1"
      ]
    }
  ],
  "id": "test_user",
  "namespace": [
    "namespace1"
  ]
}
