---
source: src/models.rs
expression: action.cedar_id()
---
Action::"test_action"
