---
source: src/engine.rs
expression: decision
---
{
  "Allow": {
    "policy": {
      "literal": "permit (\n    principal == User::\"bob\",\n    action == Action::\"view\",\n    resource == Photo::\"VacationPhoto94.jpg\"\n);",
      "json": {
        "action": {
          "entity": {
            "id": "view",
            "type": "Action"
          },
          "op": "=="
        },
        "conditions": [],
        "effect": "permit",
        "principal": {
          "entity": {
            "id": "bob",
            "type": "User"
          },
          "op": "=="
        },
        "resource": {
          "entity": {
            "id": "VacationPhoto94.jpg",
            "type": "Photo"
          },
          "op": "=="
        }
      }
    }
  }
}
