---
source: src/models.rs
expression: resource.cedar_id()
---
test_resource::"test_id"
