---
source: src/models.rs
expression: serialized
---
{
  "namespace": [],
  "qid": "test_action"
}
