---
source: src/models.rs
expression: user.cedar_id()
---
namespace1::User::"test_user"
